// Jest Snapshot v1, https://goo.gl/fbAQLP

exports[`sets submit button to 'Saving...' when saving is true 1`] = `
<form
  onSubmit={[MockFunction]}
>
  <h2>
    Edit
     User
  </h2>
  <div
    className="form-group"
  >
    <label
      htmlFor="firstName"
    >
      First name
    </label>
    <div
      className="field"
    >
      <input
        className="form-control"
        name="firstName"
        onChange={[MockFunction]}
        type="text"
        value="Andrew"
      />
    </div>
  </div>
  <div
    className="form-group"
  >
    <label
      htmlFor="lastName"
    >
      Last name
    </label>
    <div
      className="field"
    >
      <input
        className="form-control"
        name="lastName"
        onChange={[MockFunction]}
        type="text"
        value="Smith"
      />
    </div>
  </div>
  <div
    className="form-group"
  >
    <label
      htmlFor="address"
    >
      Address
    </label>
    <div
      className="field"
    >
      <input
        className="form-control"
        name="address"
        onChange={[MockFunction]}
        type="text"
        value="32 Walpole Road"
      />
    </div>
  </div>
  <div
    className="form-group"
  >
    <label
      htmlFor="city"
    >
      City
    </label>
    <div
      className="field"
    >
      <input
        className="form-control"
        name="city"
        onChange={[MockFunction]}
        type="text"
        value="London"
      />
    </div>
  </div>
  <div
    className="form-group"
  >
    <label
      htmlFor="postcode"
    >
      Postcode
    </label>
    <div
      className="field"
    >
      <input
        className="form-control"
        name="postcode"
        onChange={[MockFunction]}
        type="text"
        value="N17"
      />
    </div>
  </div>
  <button
    className="btn btn-primary"
    disabled={true}
    type="submit"
  >
    Saving...
  </button>
</form>
`;
